aadhabwyiswrlqbtnuiv
abcqqcbkhcxarxjejoti
abfqhlujrcnrivsuilmy
ackdghziiulybjgukvow
adkbchclygseboyggzbb
adzqupvqpfqkmjiirbxr
aeovjomcemcurzrxptuf
aeprlpuopujjinagxloq
aetlwsqvuxmgfewjdmkr
afdjyamhlnnklqromivx
afugylrhgimanyamaefq
agbxlmycpiwremjfvrfk
agmbdnlzmwwwwychxgwy
ahbdyhqhyqksxldutjtw
aieinsonpulxnrrewoki
ajsfrapfkrtglzeimbxx
aklntfdkdjrjjpgfqxix
akwueptkmbcuqkbtmuta
aldausbtjgmahtqkroow
amnpwiumxzeaotmckdtp
amupiqgjldybqtoxzjbi
amwmmscbkiagpgxeqsdt
anyothuvousqvxongyrp
aoucibhvbgirkgsvawqk
apqgljygwzdbseuoovwy
aqcuoyqjdpedltekurml
aqojeayfttzparablrba
arcjpphvpexusvvpawhk
asgkauuxsqkeiucslbpl
ashhguohtnvfvgzemshp
asufhyqoguzhvoqfrlyp
aszpbnnklunntgqjefqs
atyjagnwarjnyyslezhm
atznhxthhjcgfecjzxbd
awdabmkyiqnqfftviizp
awgisroecuqxeysccrqn
awlynwgcvzogpoleqdhp
awzowzsiprkwzxhpdxtl
axgmquemunfkdesxejxm
aydrszcgvqdpwfuhcohc
ayupeggdhxaunkrpzxjm
azdodqtbfjoazvndxkhe
azguuzvynakphjbkghwn
azqopmpwtldcwnjkpvjr
bayxvxfxjojexjaweqid
bbmzieslzwnolekrganf
bcdkakshnrzdanoujjxn
bcjwlawecqmmorbaouqa
bckyplfgstypumxwwuel
bclssfgfqqrhepbhwwze
bcwaocmqtxueyrzmknmd
bdzcnaiuuxxwswwwddfp
bexoiuvdjpmolkkragup
bfgwzqrqjrkrkzkyhyds
bfzkkkjujpohohhyprln
bglfeuywyxpzsywewkmm
bgmlqotbsjggcyuzhzqs
bhmegjbwgkqwunvpsapq
bibajkcmgfzjzxfaoyxe
bjwpbjunbwjvpmltdmjb
blgeebvrxbjkwammfwre
blmrhvaiactaielfsrfz
blrsyknaicrizgoqzqxz
blxxkbjmzodkdhfvrplk
bmxfdrckbqvmcrztjzsp
bnnefbbzgnjqdlickrjv
bnoiyugtzhqbagxtkfgv
bnxdpqcxozjpjvqxprsg
bpjbpiaiuotuqvbdkshv
brcuktscytfoglycpokk
brhzcazhairrbmlvuqjn
brrpsuljiqyudfxshkji
bserhibrvkhvurlyjddp
bsgiqtyarrtidpbklwyl
bsiiqihnodllaplfreky
btmiiwuiounelnhjxvsg
bukrdaqgujnaoycdxhll
bumldfddxrskbhshmuvg
bvarrpwouiiuzehvpert
bvknlfwehlarkakgwzed
bwhsnrjlzhxhnppwjgfp
bxccotunglakjtmwjizh
bxxxrmtzodadqdlzmsov
cbvdtqjvoposzkpvcbnu
ccaszkycinizqmqoxhlv
ccpbwyaoreobbynhxvpa
ccrfitoqzuhuygffeiqg
cdefxsldamglpeuaogvs
cedeqkjooybasehgsols
cfucrxoszmpedbmlxnxu
cglpmkglpyeuqqgelavt
choueotneqyeczvveimw
chzlbbagyyvezitajssg
cipkztfomiqhstjzoktv
cjblbsfhvridjsvuvljr
cjfysehpjykufozkavqu
cjmnkgfexcjndcjnxmaa
cjqwbagofvtfgrzfhgii
cjwcfsgkfvebkqtzyfqb
ckwtggmwfbmvcrovpdab
ckxgpkxolswizfecpoun
cleevdqhhxiglbcowjsi
clvzrzlsfwqdffyutmxx
cnbynnbkugznjtsgxwhv
cnpfvqrokipuhqogfvpj
coflxottzmouqafhjbpu
cogeisevgpdzabtbccqf
cohscmqrukuuhrziduwb
corktqaxirxovoegtkly
cosmaalkzzgriqcgvkwa
cotidmyxhssxviixovfj
cpwekdkxwgfbjgpmrnkt
crcdmgthpqhpjhjqbcyq
cskdzlajrjrpuhfsqraf
csqxyssanlgbstgmcxsl
cstrehxoyzzbezbzsmxh
cteewlgzmsjormhibxzb
cttdqslylyhluhidkuho
cvawrlglrukjgaypdqjf
cvycnwlwheejmutlsbxi
cygprugrsompthenkspd
cysmllhmqkjyxkyoflhn
czpyekjwsystvrpuduun
czqdjdqwylkgxtpwlwje
dajvlspmifpbjrjmylrf
dckinmzzhhqpnadtjqpk
dctdppukknicbsftgypo
ddlgxtfbsdgtztaecaab
ddthatdwlwysvgkdrico
ddvojhjxmkqhotjbhhxb
deehujskqowechixofmy
dhkrbhdpwwpcvohrafmw
djlpqiibxojcqnmbuttf
dlvdojsaahbaoxkligyf
dmcewzdawgzjhrdutjyy
dmmieqilsvtsfmhvuuoc
dmqrkpdnxaedxkmsvwcr
dnktypvqkgulolapzver
dnpbuyeonxvrgwmijceo
dolicrsdhycdfopqahfj
doywiyuwrdddmazhrqle
dqmeqissbpjrasgzgavy
dqynaxkfrouvyuhdeuvy
dqyytgdsffwkjttfwqar
drkrownqxomdwlpmmtyp
drpphdduwiqvvsfhmblt
drppjvovymsriazxfrwj
dsduxkvnslcftgjmbnvb
dsfchbbqurnipospxlis
dttapyqxslkgckbhetre
ducbfccahtagwtmwngdh
durggythkbuebisjnyqb
dwvcehydbkxpwvetewel
dxmynjehgzjuonmvryka
eaiarafdekjrmzikfhav
ecigihvydrwspsftiney
ecsnptkhhyowmfblifnn
ecuoncojuvbwyngxmmen
edifwutjrfznvxfyihwb
edvwiuxfaenzftycymey
eecioutsjneykcndrznz
eeehcbxaqdbkictfolfn
efhqksqcdfrlygruqipx
efjomrvgjhehbzigrjmp
efjqxsdgutyyflmkcuxg
eftjqovytiydihwmwnan
egnnmrorjhaoiujdhzgi
egtpzsqdtvyxdxaoqoco
egupazgvdxzigzrzzwge
ehndlmcwwdbeicwsqklg
eihzrpbwhrsrmvadqyry
ejksaalqjqgdcofoizkr
ejrnyjznjnjmdqeafxrq
ekbeuvzuqskxlznlzmfv
ellhbnpcagpophwgvqsb
emhfhftpumrqgxgylsyz
emrumlapsiiloqnirdhp
emzpmqlamjbvidoqvpmc
enjaevtvcudztzsullvl
enntdxuasftltljjgcth
enreqhnnmyrxttyfowur
eomhyjqwrrbhzebrexuf
ephomhonzccomintqimr
epsgnwpdrszggqoiljxu
epspaxjdhjndvhafuzus
erajzgikufkbqovstaat
eshvsqitvzxxnpzqvtal
esscbenukkxiujkgqmmj
eszshknuwocowcptyhat
etpwylinhqxkiqvxfgna
eufxwyqbiviixtlcsvyp
eukhpehhawbozqntecwd
euyozzdnwisffardxjoi
evvmkgtokvkqglkqjlee
ewlnyyompntvcfutmehr
ewmqoaawftahvhlaaexd
exdoddeoynxcywrxaqra
eyfdaveehwgigwcaxegy
ezmlwijyrrrikkdfwlzr
faircgswmbpxydmonguz
fbwrbwsjitpafcifjzrg
fcfmjrstdglwciinawrq
fcupdltpujxbdhvlhwfn
fczzusiuarbfjcnesdqw
fdqgctpkmanhljhplrnj
feqamylombulkgsgiueq
fghiottdqaveeddnmhah
fhagccjhmzjpwhcigvve
fhbojrgefbuicvelpann
fikbmsmzzmurehpyyhfj
fisgtjfaouuthyrvxfdg
fjogpvvudfsfmlbmqctt
fkeaewpynuunonbkoufx
fkptbagggfwtyfsbslzy
fkwvqijnotfxsjfcfilm
fltqtkdxhjtaqaqqrjjm
fmmgtjxaeuepowigakyi
fnqxuvkexvcmcdmmqvuy
fqkwjaxxnbvmbrscnaax
fqrkjpwqibzpjjvunpvl
frlxuxuvissqjagjqhxk
frvkqgqhipjnwfrwtumr
frxftlkqiblohufcnhom
fsswrzcycytuxolmjxat
fsszplkmhyxwyhdnbccv
fszkntkltxabjouzeuij
ftkpewaoofqnbavrppep
fuojwvtrsfydldtxkbdr
fvhccjzhczrtakaencoz
fvwpyyjmcpbikzoyuofj
fwaqischorpbwyhwblar
fwonhjibogfcjguwiakc
fxpwkvaocyrqewpvjjpg
fxwsvdznaufqwxxxytat
fykxqnzcarmvumhgrkwb
fyyaxzfwlnafvhydybrf
fzbrlwshhreskcqlhbvf
fzjpcnwqneankgolnixp
fzwceudsbatsiwptpbkw
gapeazihrpwegjhxschb
gaqdunwbzbsauucvxufl
gbehevizwctmfumgupjw
gbeipnwoszfzcyhercnr
gbhksoqebzmqvwmdhlyz
gcfrwwspinwpwbcalnwi
gcnthdxosjxqucpqjflm
gddxnndgyfxdzysuigpd
geflnhucrdgwbiiuabhn
gfctzkcgisddzmzqxcpl
ghyawsvouhmgxdvvpflf
gimtafpzwjiqpniexrdb
giruflpxzydmqyeajhgl
gjdhpcsrzqodicjhigfj
gjrjubqftbxbrcrlgimf
gkmxpiigqanonosvyqfw
gkrkzworarnixgmxfqhd
glsafmxhdaxvdxyjpbmz
gmtzqkihtaayhhrbkznq
gqfujhqxfgmtywnxqaxj
gqqkvbefxhiuhxflsgcb
gqrspgpjkslzvajxkkyi
grapemzljavpogyypyqr
grbanrlnbpciwtvmfiea
grfqaozbpdahozwgidio
gscwsyepwpwqtyhqgike
gsdnpzucelqthbcmusfi
gtvuzihncfxdutvxiuoh
gugortcsestxholucbpe
gunwewwwjwzymvpznpjm
guzpunvflwesdtgrppwt
gvkiezfgasrtzcysszoj
gvtphwjfztgkmsdbcial
gwrpvdmubstbxuklzqgh
gzdakopfisrvdukdvcdf
hagwlecpdzrwuuhwgddt
hamkocjmsedkaopghfcr
hammnnterdnpcdgysqna
haryweuebqsrbzavcewk
hbkyjalyepvqjblqbyur
hcaepsrgprzgddeooils
hdwlyrbhqfvithiauyqp
hexmywnjrlhmvshnabli
hfhpkvmjanfjfjooyjio
hgsifxcllxtingabkxrd
hjifvwejfsxlymxvkwxm
hkluywigkstpwpshkugi
hmbwuemxtipbjulppqsl
hnckowrflnjxlgbxkjqu
homjohhchstqnvwymbem
horgpghvbxzofrxmrgnj
hpserxxlfzcjjxscksxc
hqlmvratqcgslyikbvtk
hqxtmxrandlwjxpbuygd
hrggxpsuktlnxjsydaca
hriwklwzqmpxggtgtyji
hsjyhqbqgwyckrbzpsqw
hstiggwcrpueuyqabmtm
httszfbhpyxtiznzjxyf
hucmxvhnjzhxiurhfafm
hvifsqhcakxdoqucrxij
hwgqaewfeljvdyseprqt
hyvdlzeqycsfzadeowrc
hzfzkiylwgokaojlariq
hzhjuizjzaamqvdaxncs
iaifpefdjuofanlrydkn
iaiiptojqqsmrvwtkzct
iaxxyngptlwlztvgcxlr
iazjimgxdkewdhvhcmir
ibsodtmksjxdleoqnehr
icdbvprxmhskoyikpakj
icntzjazzyyeiwgrbrgq
idspcmxygfkyjttppkar
iebsflwqhkuwtfmpacdt
iehysepqpnvwtqqwnhks
iesepvvgmqpmzsntupvc
ieviydjnzfwxwdtgkpjp
ifzbhwhxakltxmlacsvl
igvuyawrhnpmslumqeks
ihfrjutcfhvgmdmjpmiu
ihtsqtvluhbbcqwaklfg
iikagqoxgjyygffchndz
ijqmixbilklmlvbysfdn
iktpdmksmgwsjspinvtx
iledonlnpflbvuoflroo
ilkbxwkznvahsdozdeiu
ilnbtcxkeataqdmbzbmu
imsbjzuqsgnycyjfjtpo
ioynowuxpqlclxdvnstq
iqmgdzapxjnordedvmri
iqvcwrxvwmqsjjddklph
irahfglrdkpoxokyrrpt
irjrmykzububtyipcpft
isgskwqojfgzyigduqbc
isvdtqlndifkwreilkbj
itquvuerjjpxgilrmmlz
iuaharhnzjewhsrdlhtr
iubnmadyniazpnqivjsb
iueuqdpfwwxstrqfvkwg
iufzunfuiyscrsnkruwp
iulrecmwausiohcnoqtb
iuryptqkdbptiekjvmjk
iwikkozxtahmmxejcswb
ixrmzeatzkvlahlqtahl
ixvaozjhahabeuhaewvd
ixzllgrhyojmfdjynlnq
iyafolouomosgwkjtaca
iybednupmwgkuofbfizt
izhslfrwgibowbybduip
izinsulddobspjlmlrov
jaeditbcgiguukyomokb
japhkppsifzmqnxbssfv
javgztsywiadrmlstuov
jbetsxhnguhieosnvvgu
jdyaueksjljlyadkaxbs
jebirbjulqfvuyczbjvj
jhhdflymufmbcrgycqxf
jiuijafopyfhbdmfqmhe
jiuxuwwiwywjiesxagkg
jjfpmiavtmmrrmfedukc
jjqpicmutrtithdanwwe
jjuuyylpmblellgllxng
jjwonpadowyoececufba
jkepbloiquyeuomcqlxi
jknmvgizrmxpasadasbv
jldqcgvicwtohevrjvds
jljpremvpipelnvihbqx
jlkteuqpufhkjuclgmvp
jlsodkyxosqbifjcucbx
jnhbwckwpciplyfthtki
jnjqcehygecaouvghbiq
josttylsqolgbrqchmaz
jppxjheiqpdjvzwhshyx
jrnvgfvcptocyjjpbctb
jskrstpkmlbnnkuowump
jufuqvcclqkacyimhjyr
jupnwjhmsxprlsgawfok
jvicxopnrenapqloljtl
jvkczirqvcbzonflmijj
jwlqiylcmsmlvbfejdmz
jxduzxmudlebsozllvfq
jxhohiyflcrkyssmhdzo
jxhqlekkqigbqhvktgin
jyfpbosclbxvsmqzgsdd
jyxgwxpdynqytfucjale
kbojrhiewjwvbvmwmtyi
kbsjzuvnktkyjyfhbamn
kbtndhegchyqgsqcfkqj
kcdzvluzfvpwgncmqaai
kcifgoqyyjccirukzpnc
kclmodxceyitelaqurcg
kdrcozepzsydywjknwqg
kenwkgfaotuoeoflxyrf
kexowztebbuubbjrrrhu
kfctoxyapcjxznjunuvi
kgbpsyjzubwacoenfkjt
kgewhlggqsbhtjgvlcur
kgoiynuvbioolfrklyyl
khyavhhlddwpkctnixvy
kikczklqnvvbfxewlkpz
kinsaxguehzqqmnjlqbi
kipwuremciamkshfrenj
kkgqdumlwuoauceifwtu
kkhrmclrqsjchudysnog
klfvfefwzfuwbbgcnwev
klhsummopjrjyjnmrndh
klqfhhqobrguquhkdvbg
kmzikxkqpiuaaufbstlh
koluofqzqqlakmlhkzbf
koonejkeisnnjfneimlt
kpmgwbauzdckdgismvdb
kqcnjifgjwowsdpdwrhc
kqcpncwcagnulhvuzsox
kqfusjxotxzlurmqgbni
krybspbdqglmadaaehlc
ksbgtuetysurluzogwyu
ksuiggknylnhxyhthmbz
ktdeupwocnswtrzwffwc
ktksdrzixmqwtqckolim
ktppqwhsoxhlzcmapebd
kuqvdapxgfscoczsaohw
kvksytlbndslrsraascg
kvmqnanrzpjujldevuhq
kxjjsidsvdtegdnkbamk
kxvhyyootiqcxotxoyls
kyooqrpvgujsrbbzpofg
kyxbtxocnyetbbjmhcvr
kzqddwatnjvckuhqryxt
lawyfxvkhwtqdoxdpnni
laywgndqkhztwoyovpxd
lcbbasmbligreiyizbtb
lcpqvwsauakgihnudvsr
lcpryaltasxzqwmeumvn
ldjyqxarzjocqgzzwgdg
ldtimnilkcbwutesdwax
ldyijpzziksrnqsqaywi
ldzafjecbupruwiruzxu
letqgibmjeopwwselfbu
lgagkzrkokpepcyrrabt
lhgeejfladgkylbdklmy
lhnenrhubvcqqcgwaonb
lhusnhlisfslfmfsxyvd
limttkurlocpixjbpnzh
litnixevaykiyjlertzy
lixynznonbxzvnqmrgph
ljglzdladctryhjwrexy
ljlsptrtvqyxxagebyjn
ljrtvvziyknmqjnytjdb
ljshsytoyljvyjrhulgy
ljsqocekotcsqcfaluco
lkhawjowoeqyxbrorctr
lndxcxjsuirtthhtkmtk
lnsrmyhatbpgvhijwoxz
lnvnsbzphieiqpdwguqv
locxqgwkwudcsnsrjkkm
lpdeubbrnjhuqtypwhox
lpkkdtvihuhsrdyegohr
lpvoxzsyawyskrkkhten
lpyifhrgxkxctxvdnbqw
lqjopenzobnuvnxetuel
lqvrpjkmnqruztqkrzxq
lrciwcgqxobktbmtpoxt
lrleyxswgilocyzbmuth
lrsnxpbrhcewltqylgjc
lsjajcmsfsxlteethsfy
lspzpchedmnqfunpnkzo
lsxozgqhfdbehrcxtwbg
luxyydgnbmaolthqtcmb
lvfmtaqwnoobrbkgyvts
lvthrkwkfrlrvsjxsckl
lvxqopcemxwlvskzntcr
lwcxbcuewvldsidrskvc
lxqgktxsrzzvqmzrpfrq
lxrsrlmwzknhfeywkuxx
lycdytfxorphvqqkpybn
lyezphlaiqzegvnbrinf
lyztsevggudaoxtfvmrs
lzrjnqekdkbxjrhowccp
mdjbrgxoctddagmgbqzh
mdmyisewxkhoaefvwytf
mdprgigoysjmnskscuul
menktabrepnvxxlasims
meumvuxltoxbwkifdtpv
mfcjgrzgbosezsmibwgx
mfexdyfjkfbdvtlpcnsh
mfgvfydkuhrksfvfjpmq
mfidcgayucoognidsmik
mfifkatfqjjkykpxvbqq
mflptrazwpaakyjbqpvg
mfyqqhrznmecfqptomll
mgniqtqvhulaxuknoxca
mgntohfoqjvdfqqvhwhw
mgqctojihrlqksvofzme
mgtbnnwzihqquxswgcgg
mhvkvusxilnlrjlynyax
midvxjqjmluyzzsuqojn
mintfqucjaslawaihnxd
mlbaxpfvqnqvicbfryfu
mllrhtplbnrpnpwfarpx
mlvcazwshrhuvfhldpmt
mnyodkhbderphuyuumvy
mohtgasjdqdhlzhjjwlu
moqcrlaxtgcfjmjmeuec
moqklxrmoywcazruxguj
mpeqzxxrqixkmuneohae
mphetzetebvnxvhswntf
mpywyoozsbcmwazuojzp
mqhrefjwajwudtonptjx
mssghnvnqnyfhctfavuc
mswzbozydqciqmrndqwv
mudqzpklohzjaroiufyl
mvemwuyrtkcmbksujwlq
mvminmjowftntilmhlfs
mwqksmijtjukirwjarll
mxdsisfavdkqfvzjsqrq
mxiwjttsdklxygpivxia
mynarsptugvwhuycmufe
myrzncbeshmsyrxdqvba
myvvcghuhmjncutdcjex
mzcewpvrkmgdlfnkhvwh
nakcpljlxgxyqvyshqht
nbbszbmyrqwgrwbehswx
nblsyuucacvgrxmoelmx
nboufuateowniuqoultn
ndomrcjjiywvlmbrzvor
nfmyifahixuwpxhdiddx
nfobarcaskzvinxhzwls
ngsjvnowmspraplgavzm
njkjyjcdmaleuwldjlpk
nkowamcojvccznumzwgt
nlqwvkkrboonyffddhyb
nlwlksrpputejnvrfbyh
nmkhcepjeplyslnacahc
nniuaawycurcjdjgbnpl
nnoiakoomwqnunjdvrxj
nobhlwoekgcosvivwcza
noibtzzmsodfgptymxir
nomabtvcxxviutvniifb
noqdsgnaczlojyygoezz
npmgvzcbpguuzrzfwuqs
npvlrmokrexnrcckaaml
nqgjnwzmnbyefwpkdris
nqkkophloslxkekaphah
nqwjclmazoejcmumcwgd
nrqrssfybcgdvyincpku
nrvavosuwpqdmifwyaxn
nsgqphjmcnwonzoehamq
nsknslcpaptefkqxcjjv
nsvglaodcncbahjtyiti
nvesqukjqfgtfcjstcdi
nvujbrpzslwpvteatkxo
nwuydlzmiqyhfjcncaiu
nwvxpofptowdnfdtyzlv
nyayyxgqplwfzhmruwbs
nyngpwukbjnapptqgnge
nzfbbsabjgpkmtxhshjo
nzpauthbbjezglgkmnwo
oaarcsxatqrdimvluapg
oaieulwsitzlnaahouun
oakcirkqvizkasazuhhp
odprshkplhcwbixxhkfg
oeglqvkcdcexwwhdgrxo
offxuzkeogaevipawbdt
ofxprhiwvohyrvwrukzk
ohctmjfpkcoauinsdkcv
ohuhpvkwrlyjuflcucbq
oifgvnqiyteoxwetskfi
oijjqdksphzyixjfoqrl
oiqurhfiijywjehcmzpp
oixwficzaeexojlkeeaf
ojuzewzzfibmhpfxmvcq
okhbmxmniazfudcyjzmg
okhjiuyswzpahwerbkqa
okoebabpoiwoamfdquwe
okycfhpwlemdnnbtrvbt
olfketsqhseizkxxmvzy
omfasmfbmocwdmrwzebd
ompxdehjhqdpldmqicqh
onsugnsnnddnhdtvxfiq
ooeqqzrektjeafwqbgef
opkmtprjacviyaraxwlb
ornmgghzhggsnrubwxiu
orvwjrqnrwubgqstvtly
oseuypowslahmdnpzdeb
osxdtoezbsirqinkodit
osymoumkpasirfielych
otnshenotodvnvctnmuw
oueinneymnwgaaciyoja
ovnvmgjbweoefyowvrfh
owdcocbzmjquameyybij
oybkrpojflieqxndyhqk
oycdwsmxmmbxywakreir
ozlllaeznbpxcoalcvun
ozmoacfyrzofszimjyuv
pasuthssjlwxvnzjfumy
paugbtlfbfbanrlatvhb
pbcubqtmhwmwwxgyjbvb
pbxwfzmmhlxmcwmhqhxv
pcmhaenvmntnbzcqnwhh
pcmlvtisyrbbcmceaeyv
pedqivofczikbvspfela
pegllrxjzjzqnvqqoqpg
petghapkcwupnynjqqoc
pfbfwlvchromnqtxcqlb
pflqvaznrmonytaymdur
pfosaodipvyhclnompru
pkfhopxvrwvcpajmxxqb
pkpoezijnxnxmbihdzvw
plpynemffruqwooqkiwj
plyjscbkznldlrbyzbdt
pnbwkcvzpgytcxouiqea
pnmnffkztaiiufanmqib
pnmrteqajroiddbpfevu
poqbljyikoaaxezwbjrp
ppnrqwwglgbjrrnchnjr
ppyzgwmasduwjppyeyku
prlodrjrgkcnydrlzlgy
prvfroqdjbmfcmsvoogj
ptgtwqtxbgsrbuizcoff
pthyolwwymemoepcjvho
ptxwppnmenwvtggupnlc
ptyzkxjokvnhseyjwmbu
pupcgwsqyclxjsyoclqa
pwhpsopipwgbyjxwoiua
pxeohrzrwkwtenkrvzpu
pzststodatpyjjkltntz
pzvedtjbltmsuikipvwp
qaksbbpxgbrlzrqrpnrd
qaowwfwgrluaoxebgesr
qatuaxeevvvujfijobws
qbxzrmjtxguxeuyzizvh
qcrbioawltdgiwelhhyq
qdhklqhttthoauybehcu
qdsuxshavpaauhpqndwe
qeytwwfsrntvsjkojsyz
qfjczphcbzkrnyyiosim
qfjsklyncsqbtqrefvcx
qgjaxdctlnadbamvgqwc
qigkpbruaxjcowteotda
qimgatjnwitcjokrdhkl
qjevexnblvdceheasizc
qjjsuviyhexhgxhxmlaj
qkczttytdcocbszsdxqe
qlgpibjcnirozynbkzuu
qliwzuyafsuliuifwzct
qmoemmunnnnnonwiqxxr
qnzvvgwvykkifkxxtleh
qobxgkpjbyrnpkzyhihx
qofesqskphzrkxambypi
qoikbdfiyueukknbivje
qphaqjitydnzxdxhvfjk
qpryxyeqlgfkucibuski
qptdcsmqlxzffdwhrofo
qpycwcegkvhmjirimoyf
qpzevozmbomhtckulbef
qqnsellftmpjtmrrlene
qqwyjzndklazcmdqkotx
qrjdgilzrbwkuloaxejl
qrnzaknulzvwiomdsuqi
qtfigzbgexfeafkahqvy
qtrzaftrfrjpzestmbcb
qvkuokqyrgxwumhvlvrl
qvtseydpyreybznxormo
qwamtxwjpathtsxlxlbn
qwfxfedvfyquyremejlw
qylwzpderxtwtljtoskn
qyrybhkwjvoprjtfqjnk
qzcagzcrpaziliiyebjd
qztlfcouieqziyzcglkx
qzziuxcxaeyysgrdgljz
rahfxumqyzqlolhqmwut
rbnanrvogbfjvdirkdek
rcdovndutpicematagwp
rciowswkrvxbglvhmfrx
rdbakangnzxmrszqpwup
retvfcyqlrzjfkvdhtcz
rfhcxtbklgulnfonlmln
rflvtycxusbgyonxopmg
rgngwbvywoboqupdryjb
rgqwygdugysfrhptjfbi
rifooznjbjzlhelxpypx
rigdbhdcojcnyqvuhkzr
rjdvvcugvcvakjyzelrc
rjkysyehizmvrldikvhc
rkavohsclqqgczfoiqif
rkztfscdxqebhkfzyzuw
rlnqrovbkmkmeiehelxo
rltkgltvdqqgjjhgnlzh
rlvdkuujlpirgbjeuysp
rmphcuncnewhiwsfzjko
rngdxwmbffoujukmiecl
rnrpzhmgktvzkwglenaq
rnxqtbjccgivboalditr
rnychfuafenjbxpysjgq
robngsmlqsqjuibdjaxy
rokldicyzxbbevyowial
rotdyvcxblmpcskisvgs
rqdntewpntennfcqzdfb
rrrhufkudjvmdzlkiqez
rsuxwfikjbisxcsawxjy
rsvhdfspafyfgsbabrfs
rtfkdbcikwojyqjelfzq
rvkeetnpzqmcvuhfmnyd
rvlkthjgkogcoyierokr
rwacyrnlpsgtmjbfyntr
rwrxartkqjclvmbvgeef
rwtdapljmopflgueqiin
rxnkmwerwmmarwnhbnex
rycdbvcmxvkpfzomzicq
rzktqsnaxcnzjbtnhvit
sbqibbsfpxixecrksgps
scacffwejaouewzoxamb
sdtqrmukashufsyhumqa
sfbucvctsevmohgvfizw
sguqerczlogmhsziumji
shhyrqmzfsfekzopkkei
sjfhhjxftpxkfeccgfdj
sjtnhagxncnswhisaotu
skjbdsaqbslnxjbraour
skplbyibgsupnwygidwm
smzqntvuviahpdtkvkrc
snnawatvlljgleyhfzgp
sntighhbcwqtbmtsqnjn
snvmjhhkxndcpqlrctsy
snxsbenfiypxmyiczwrz
soqaxalukxrwmhygxvoj
sowohytcvnfolfejazeb
spvldmiuenzaucbhlxce
spxrdteljxtyjgtclxhn
sqijlazljyvkpbrfoykg
srdachptspwryteuwawz
srzdtiluqstsahyqmhxl
sstulxqpbjsmxkwfueek
sswrahkmahcavrxffkrq
sttnxfyeoizfcnhegzkg
stuqajbjmxuwjusvucyk
stxhxiwtuzzkkynjfcbe
sukmomktazqtrmvchuqu
svqakgxoteizmixqxbxj
swnggsrvdpjbfqbbnsoj
swnuerjdvzbnutbxyirt
sxriqdcwnsqvsbhcvmcr
sxxeyzzqwfychfvryvnr
szkouwgjhbcnpcvhccca
tdmvqnjbabtdrmheildk
tdpxvbnnsvtjfkdqbbuw
tebdlisoacvxhrqiurup
telarxkxehvnuycjfjqr
thrfskycetrkfdcqazsb
thxlnjsgwsomknmyqfha
thyydkqxqdcyuyrakdip
tjkvuimncmbpnuwkegke
tkrozpfzbmqigzksbznd
tkzyxzvkrmxlvvdmcwcr
tldzsukavuehxvwnamqg
tmyqyuzcohgccdpewglc
tnjigfvgcrxpvipebgnb
tnkywgawjwfjzfgxvcgi
tnlxktkblhgwsfsybjkc
togtdcqsffjjpmaavxrx
tovvhlcqolkqyczeibku
tpbmlcktrztlegbjdjnz
tpybylpmqxdwqqcmdqev
tqrgypmuwegftqlrhrtj
tqrzlsuklwljnqwjbwbl
tqzytvwktitgtqsakuog
trofaldvtwtbcqmljuos
tshtmleeeesxcccvqqgr
tsmnualcossmoxwdrpdn
ttoaogljmrldwwkvfehe
ttzidgbeuoznxqwdqawy
tumawvvexqlbnlrryjcw
tuntdlsucsxswybednut
tuxspgfzjdomnfdgnkfz
twkubtdgmdgkvcsthjme
uasdfxgcydoqlguxjsqr
uazihqknrtkdomhcfeuw
ubwkjclgdeebmoxgdyat
ucjtfdrqstropoucjiog
ucxdmubwqdkzsxgebypj
uduhgjbksyfctldrpmtk
uebucgmreifhbhuupmse
ufetuzejdttdmcwmqkfj
ugckwbshqokviieuudnk
ugfkkbgbfwlmjdzkcevc
uggageiatqfrpslfuwqx
ugpvoubgmxnvzgqklrog
ujabwiwjgixhxdfnjouu
ujbydexjkcmtjtfgmgud
ukihbwygktmqxyejfqyc
ulczayhynuoxgrjofvbr
ullbjtcajylychddusfn
ulqepakudxmnjwtvzuhy
umbditbppsfdiljeqgmz
umckgxpcwhakpdehckmx
unhhmlhjuxiwbypdmsub
unwthlexhdcgdyvgfykt
uoppgyjpithskuomlyfz
uoppxwjfhkzjyycjqbtg
uoriqwwsshgyfoawsufq
uqhoevfseouuhizuqxie
usnmrplhvzxhuegbxinu
usygnwgshzpogylgzhje
uuaghpbgxdgobwayjqjp
uuouncmgmsijxaavysff
uuwvvxargtuivqxtxxgz
uuyukhujubvymoqxwwci
uvdvkqwxxkqxiawmdnou
uvkdqmhdnndxybpinhhi
uvpxweogvlevonxgdjuz
uxbycvepkfuppxaaqupl
uyhuegnwewlnosnjlrbb
uyhuyaxfdunoneyjjdmu
uyrdmocqdmyaacrptxyf
uysyiegvrzjuwjbqqppn
uywsxoijlpgybuveloxb
uzlljubcyoxjlcopwnxl
uzlmkbmmmbjdjzykqnbe
uztrqfdshbgwcyehrrtr
vbwlbqqieywddrukawzy
vcekmozgafnjgtwxkmsk
vdhezzzuixlfxsrdiqot
vekdmlzdkwvmdtcznpdb
veonuffxsodazsmgumzo
veqapcchkcmbjanpzkfo
vfbdwcxyarliqdxnuvvq
vgaezervtmrmrodstywl
vgdntocotxqatzyvcyju
vjlbqdsjettuedfdwspl
vjpraukheieyfsnpfneo
vjwbohniyqzrrfybsjmh
vjzrxfjzsfmgcpzaefty
vkowqixgrbupynhczwns
vlghcquoxmfwbthnzvse
vmnjksymlqaxcpfngalu
vmpnalzmwoeahzngazhd
vodutayplbjlfanwzsji
vpkkvczxwtifyiljyrmn
vqfvyvgezxqsnmheionr
vqyrvbdspsarhptcvqxz
vricorpjjmhidqnbdkxg
vsqnfvmlqzjubfnwyimf
vsrhvhweesdzlzuoofsq
vtvcfbcbginkxyghdyqs
vtybexojfcsrfwocfmdl
vuifolcooypofpxmkcck
vvwsstqoqessiqmtkrlg
vwnjqoyihsufsoblnigz
wafahjassubiatylqlat
wcasfoqjdfdzltkwswer
wcgmbnsiggxpswdwmlnx
wdfasbcnddnuebyzgvzo
wdglplrqkyjevhdlhqjc
wdpnqqlndjebgefwuxig
wehpzsjxysxmijvomjov
wfpnsevmerbhrozhdund
wgirtnhttvejpmrhxutx
wgmzdvcfkzyvdpgzawsk
whbkucsxvwqedgoptioj
whsioapnffdjtjjpclib
wiemzuzkmwtsaphkuqav
wipehlzmurltzcodqwgg
wiqcsxyutuhknbsbwnhf
wjtniqsjlcrytgtcqrfs
wkkrzexbhqfxyhlemfou
wkvledtfvmeajybutmet
wlaaalbpowixliaumsww
wmzcstkyargacozkqfxm
wnmkgtkpvtiywpkdwqlz
wqezqxqtmhpyajtbknyn
wqubpueatperxbutrvhw
wrsrvwiapghrrrpelfhv
wtawpoliortmsomkddrq
wurtrnjxezoikxvxmsgm
wvoaqvxukiewhmgfnxnv
wwdypqwreadxhxspzgbu
wwkestofxugrcypnozsl
xarkclbiapaslzjakylr
xbnoqqbwveotyflifpwp
xbojsqefhihvtdeitrgd
xboorstjhqjlssuycefp
xbpuxetngjfcteiwxrdr
xcstmahvrdibxpchynyx
xduguegrtydpdzzheiie
xdwakgatjaowcoaiqvpq
xehybdaipfpooypbemfa
xeybosddcichvwxgttkp
xfjcdudofaknezzilgmy
xfrfigbweqhwdmtimdae
xfttbdqfpllgbxbbowwm
xfvihbspdwryzhiwsbav
xgnogbklodxqfiylblka
xhnlnntvsmqxeebwooae
xhtznbkzmkagjyqnfukg
xijvzxzeoxwxjtupxkqv
xinmihiyisazppuscbzr
xjfvmfimenznzyabecun
xjidnjmwheumfkownbha
xkmfdybuazxbtsuoqmcr
xlmcuhxzjdlpxgfsslcy
xmfzbjthlveysxflgfml
xmhdnquapsleisypxyyw
xmzcvagrpdzrkfdhukbi
xoacxvdvxnqiwtsjdkxm
xoprrdjrucjzykvipdke
xpjtmaaqwdoxzkebotni
xptdufuabdrubmvolulo
xspplxzbxeskkgcylkco
xuabgcyzxiesuwskurho
xuerocwduuihqomsltra
xugjhfolmitralywlwre
xuoehzazvxzxqcwavslb
xwxbriroqvagjfpwjchc
xyvrynhtstzskylmwmdu
yavkwgbaofpzcjbvwedq
ycjwhkgsnfkvtypwdsbj
ydqibahnyasrefzeegwm
yekrgvskmglihvhjodai
yfdnfdrmevhcbprqkbdo
ygnuvcusbnxhsjanianx
ygwylyjhaqioeqrlidpz
yhkikddkswbyieknaftr
yhkqtbzaisoeiuqebods
yifiblrtvoquudvaxrwh
yifzkdbvbryqhitgwajr
yjmftgqqiovkjqtrobns
yjpksgoruydejubxruot
yjycqritswmlkmulyatt
yljvwswezbjadhlgzoyr
yntdzwyzlogshzskyfyi
yondpremwargukedhabs
yozhniynxxxwtufhlkws
ypmmoymhpfwcauvmlvwz
ypugjuyvnkagqjkijrlz
yrkggecrtrewzamtjfus
yskdqeesfimptcgaqrwe
ytajihckzhyuidzlelcz
ytwaikdxujlmoaltofnd
yuhpsjqezbljxddxdorx
yuksgkawgpbjfthojxsr
yvbscpxaxuugitcjnvsp
yvvfqegsusysbkzyoblu
yvxysqhhmhkfrjbrdnvh
ywizbokjuknejqbgzqdv
ywrhciudwwmhurlujjvf
yxaqgzpldallbyszexam
yycxyhezniazkfmkezcf
yyfaxllliuuoeistgdjo
yzjlfovzswaawzfmfrmy
yzlrtesibskdepbfhffh
yzqqcvkjsfjezwdizulz
yzxlmsoucohyuyaoheor
zadoiwprhczxixvmsioj
zahaobzsiughagujpjkp
zaxxaqbxfwbzcjzcgolb
zbnfaosrusiuljweupvd
zcpfeedeaejbhkslclur
zcpkhzlisjbijsualany
zdxcmpjgqysihccreujk
zebqrbqomxoqlzdqggjv
zebudnfdhqjuicjybfyx
zeclnyqhhtxvjhgewcmb
zfjamtmskhavtyerqpma
zflqvropgkvhvlccrkxc
zfssdektyygrrclzgtgr
zftdfhnpoftllfzledih
zfupcqffvdronnsjbwvf
zgojxbjigkfsdnlzxpvf
zgwanmdjznocollpydnv
zhubwqcwuucpfkphkpfo
zivaxpmrnaueonvxkzfi
zjinwxgsrzbkyykqytdd
zjprdgowafdhmyfvrvzr
zjvgudlomfumjpckuokw
zkmlvzlefdtdbalylnoc
zlfbplhplsitwhhvirjf
zmewvlumennicsmmnfqr
zmpvrqiirythxhsovnnz
znyynybjrzotgadfhecs
zopswtryrwpifelcyiop
zotyatofkzqjlzgjwwwy
zoypeiqbaqsexouzddog
zpelhpgagrpibkagrdrw
zpytjwzrdgekftjdnsaw
zqarlobfrsxavmibnjwn
zqeknjtbexuwaldnhinx
zsdgbljqdewbyefegkkx
zukietenizstljfeiwnq
zumbfsdylnipkktbycbt
zvqhsrbsziluehpbfrzq
zwcehkeeppgahjgsjvpq
zwwwjuznbcslzlevnlvi
zxdbnhggkpswfbxezees
zxgwoyylyffbzrwrilyk
zxnjjctzixbepxfkrrxw
zxpdxoljnarxjycbgwnc
zyhncuyftcmdwdujlshe
zyobkpcbhxjlpbgwcwhk
zyqvsthmrsidmkqajofw
zyuuadgeqgzdobfklcys
zzlprjbpavytvuuspqwk
