aafphadcnqbmljqyucsd
abbyorqkiaifhsbykley
abexewwhmhdowipdrslf
abkbplgsvrxsiflrkimu
adztecmilmlxicafoyjg
aensctdpausfegbytgim
afgtzmzwgzgryozvwxyi
afsoziakrmywcpjohzsq
agvwplhdezgnrptrvqky
ahbjllacidijwvzgvuwi
ahdbbhoqwfbgskszhdgj
ahebknlwbvxztsujydkc
ahyulepgvzuszlesnufl
aiddcwbttyhgvrqlpcwt
ajjsouissncnhmlbomhq
ajusrrycwloajpdnbvza
akduroaxwpnvjagvkbll
alfdkrbbufmrkpuircri
alnqkjomrufqxvxpxnmg
anlndnfwybqgduvcumtw
aobzqripyzlthqdpnnpn
aoismystrlninwnbaybz
apboseadosctpmatsjzm
apiqjgcdozffwezskuni
apllwpckjoxoqafgwqzq
aqlgncwwrgdbswnslnud
aqoepxqkpyfmcjqgttxe
arrqgjajgnhczjsxgrip
artvoarlwxnzdljkdjqj
asjfdezqslmthjqhreqd
asjgwnlhvifulpprkqda
astcoqiptzwnsxrdfwtb
atfxnzbmfbpqbxvqwyut
ativejkkowsnzedlfvvg
atucjvdtrufxqotjegof
aujuqrilmibwcjktmnkw
auxiblptrjyrywpxmzis
avvxshastkaaxanszsbj
avzghxlvtdyhlqvmfprq
avzvdcglxlvmkwqssurc
awxfmwrdqcalriwpexux
ayagxqiqfikjifmsgkuz
aydgrshsxbkkudbacbrr
ayhepwsgrgwidyrunjgn
azjkhngdekfqmurakgoe
bamadoaarcsfkromomsm
bbqnidxgzguldxoqaizt
bcqixehudybhvsssccse
bdoalkwxsundmbtnzpxh
bfocpnrruncllrbdshnq
bfyzjeqnfbrfcaykyihz
bgagekcjkrzzzuxptaxm
bgmqdeqoxoivacitbrcf
bgvndbvwosmdlbqcvgvb
bhedfvnqonpjtdicnfia
bhqlgxjnxyrgqhjldfmq
bhstqccoyzhgwvjphscd
bkewmtxqjdrftzedfdbp
bkwapiiebanxmturgicc
bllkxpmbagazccbirxhd
bnzvyngyfeolwflmmqhv
brruoyedauywcfcjnwfo
btathntruvucfnlwmgpq
bwikbvoqrlonlujaemps
bwkkyjpxntpehpmkwxsb
bwvtqggvqndempjundfj
bywlmdpvlmxgjtckkgxy
bzuipfwxfkmtwujbcvos
bzzgbbszkgtxorvmdtvb
cbhutinrzoztgofottap
ccynttiuqhoejsheopvs
cczngcfxpxzgurkeubfd
cddkgzdicqjuohyxeosr
cdznxbclbkpggwqohrhi
ceyaixsvohozaaiszebj
cfbikjbasnbxsdakjtiu
cfygryzjlxpinrcetrlg
cgcclrooukkdxnnqzwha
cgobizigpzltowjgeufi
cgwufqntijfsllbfrcby
cicieoynyxuymssxkifr
ciqhfkdvxxoyhhvkdnyg
cjeuydtkosrxpxwvtzgz
cjvchrsorzwxdxdemzkg
cktwzamvrpbwiiazwiie
ckxsqagasyacqxizvthx
clocttdkakionaqfhqkv
clqjdzrnhscaqiqaueon
cmaxpdehlfhejbrybvoc
cmclvlwknnlezpjoeeun
cmhhscxahzszhbuttkpk
cmjuatpuvfobfebwjxrl
cmsiujcrpytljsoubrvc
cnijrfdhbedsykonpcgj
coucyurryizwnsitbalb
cpwpghdgexzjstaepwds
cpxqujyajszbdfdkpscl
cqoucwkhbwytbzwxtbbe
crkuvkddiqntcpclpvqq
cvffdkbbvloqyzzubzjf
cvjlxnxbcpkpxsvbnoop
cwtwrquhgyicldaedfwj
cwypafwsofnibzctnaii
cyuhrfiyfatsctnzjfrg
czaitcbnbdfhxxkwkppt
czhlutuwfhpympztfhof
czlushfeqzzptnnqxuka
dampfaagbkfcdolafkqc
daofojhumbxirpqfzcgy
dbovctsvegewelazjboj
dcdswozufvqgrjeqaidv
dcirvjcskndbpgmbbbkm
dczscnxaiwbkpbiqhfoq
depegsbndkgdlsddscvo
dfkkqrkzgvpjzevtqwhh
dfwbkhocgxutxvjzlfbm
dgjcokbxqxuzbyyzzlum
dhebjcxsxpxthgptjzeu
dhwniezupwbbjdthdvmw
dhysnfonpycvcnottvcu
diaagjhulxwruztlrzyu
djlxcroneqihttbqvspq
djvqjffjxcwwsiddfukn
djwjuipkohkkpypbmaun
djxwbddftbuejqisedkr
dkevjheeidjzxydlsnvs
dlaqegnefpiybnhkwyol
dmgxdmrgmpaynjpphinu
dnvffdwmakluiasvjjtm
doisliulplnyqlzprvxf
douffgrccjzgugkaewft
dpjzylsyjkwlvjsvtkqi
dpvttszymlynkgqllpmy
dqczgkotwjbfoziyapmz
dqdxgwoctjscosvqrrto
dqkwzawedhgyonxifqbr
dqsehqxrofyrnxwxtrrb
dslufvxaoojpxqwltyhd
dsstjfbgxzumaadznvha
dswolmcippqzdlcvgias
duolsqhxrzsznohfpuwn
dvkncwigtxvfisiumzdb
dwtdxyycshkpzfpcjwpp
dwwfuxyspnjxtxfduhen
dxueilkokaarzexuaqik
dzndcddmytaaczlmzdzw
ealiovjsbciapxiggcaj
ecctoxjfdxihyfeuhokg
edgvsrtutxqfnymislvn
edhrwuzplagpxvameaqe
egewsohawksnuflizxpo
egiercatijildylxeomq
ehbbjuyveuniyjpjelcd
eiekrodnqfmoefnfgeql
ejbzooqwkpfovvitrzgf
ejeuqrjqxkmgfevntiom
ejgulenwnyqzvbwveaop
ejqsznhdtdmkvvkophgs
ejrgadaekjmkzvinikay
enleqzdkyudrkatmuxxp
ennffodmtqrptycxrqyj
epcccmkwhlitulhsrbag
epmkaqnnxkiseamhqxet
ernuowpymnitdlvihnug
esjlqryixqriaqtyiord
esndizrsrpfwwpmbkjib
esrtgoeawbngqbeckpzu
etavkgkhabusgsfkwbln
etpwegwwkhxkaosgorgs
eugjkrjssdgnbuvqljqo
evemkbmjbzuqemjepoyi
ewcefhdymdovwkltabkx
ewfkkmeafjqlynqxdtde
ewmskskeffkadcktaunv
exhdaogmwfztfbydfbjv
extgljcgfbatcgbkrfuk
eysoithojegjobwmpifv
faxnkcvbhklbzrxfmnhf
fccprqgdbocsdzquifna
fcqlrlujjsertniehosv
fdfnigdxkypdtkxsyfwm
fdpsmopwhcopyjnvvonz
feiacrlyuamtfxxraaha
fezuypamcmkcdnjwtsxm
fgshjgdepnnxgpemroco
fgzzawgbctldrdwssxxt
fhewaqhhjtmmxvfanpxh
fiujfridlqevkxngshir
fjoavkevzfklcbkbkgly
fjosgoitcezrtysibgqz
fjygwqpcpvswqpktursd
fkzhlalgcllprppsndky
flguytbxdcaieqqtyggk
flhgjhkhicwfooghmizy
fljtsvpyhvzflsoawrdq
fnlfbqdiayxeeebgrlkl
fpesrdrnvfwedpnqnrxe
frbebiqtpjnyiudrbctm
frqwonwwsmxjmadpmlce
fscrcygrhmothtogiiwi
fsdebwhiicikqpiwazds
fsgdncwcpitcjhydawqm
fsovsrwlppvnfmrzpyhd
fuftepamtzsxznnbodyq
fwhhjfjmwewgxagpcfas
fxmuagpfxjdtxazvroyk
fyiolgmjnzfbtzmvznwk
fzjzhxidapanuegyflbz
gajkecafaqrwikjryhcg
gbqvqotjeqvlktvmcbyf
gbtpxrbeodcttmnzyrds
gbwdorohvhplitwjsvxc
gchnqgfloafbcwipmzna
gczrfzxipmagwxkxnffu
gdccmbvwwvkdgxphgyxi
gdeaombzzwkuztjudjpj
gdkkcvlgqgnqhpjtexxe
gdrddbmuuwlvangtpebu
gdsgphgbtfynhjbwqrxy
gdybuezkhxozitumnxkv
gdymslwgtgsxcgxhnkvq
gdypeyitakdaujkgblfh
gfjmwitdpdgorjdgvejs
gfvlbblfvnbubctflhkg
ggjhzhgpedlefwwvwlzb
ggnwtselbuywkhhzianu
ggzwhtqpgejyomjhcepp
gheouscezpnafwstwuxs
gialeanvlwqajohtarkd
gihwaibbxhsqigzrsmhz
gimoixrzomqwcgxoqikv
giyvumwlxebibhxpjjxt
gjgcusogfsfvcshvdcli
gkhqqtefxmzyhwengpri
glivitltzvmenwcpucfh
glltzyukwmplcndekquz
gnfrhwaqpzwzkzfgagge
gnmhkxweovodussatwhv
gnqjrfobazexnfuhpngj
gnuuxudyqkfnbicktjvl
goelpwdtaadqfnnpborn
gooxbghkmatdmujzcgab
goyeqnqtxuverzyvxuti
gpmurnphhsmrjanhulrj
gpvknkyhgdvthclstfft
gqgfjbfrrmrdcwvibuqg
gqgkugvvlrgtzhijjnlv
grbedbwbtabtbsuqgdjh
grujqbjsvhcspcixsaje
gtjojlskfmhkzrxsjkmh
gtmmkiikpbrdrrnudmyn
gwgcohxjujacpkfslpqb
gyeddubtpdzjtoyolmor
gykgzmodepdsztijhsmj
gyuxupkpayenppotcyyh
gyxwwzzgxwlqxmygstpk
hafzupnrmqanpkagzovy
hamgndxpkewtsnjrthfy
hassjnvaqxvejdpbqtsn
hbckqditzylbiabafamp
hbevexlfhhnudoesbiak
hcfmrwgbmeovmwtbwvwe
hcspueapsswdhhfeiyke
hdssjoozjfngpquocilg
hecqvruvfmorkfzldooy
hehzkekxqyyajlhkwmcs
hfdfwbesyxyjstopnrem
hfvsggglbuuvurbxsffi
hgdqcfbnhnxtiqghtipb
hhdvfchfvmokeqwjcltb
hilufakpisqqmoxcoyid
hipfvpxnssooykzmjrzh
hkyrkdzfjwkwtdsqoqyi
hldbertzgwxvrimizfwd
hngjwljfrdurxhrszawf
hoduexcovbzcwwyvlnyd
horswdhbgpalcrvvdjrc
hpocqhfnvqgzjzfzocjc
hpxaopnhbqkqahahilio
hshrgvlxreiloqwnehau
hsuzncwxynbpsspbjpwe
htbbobydpiocsvmzjzzg
htyylzlefgobfmcsqzgi
huruvdhcnpfxfkopconx
hwagnlhtqyxdczrxmiyn
hwblgqartbnnwhiqvncq
hwmqpsgjehdtcxfmecvq
hwrlnsizqotntsocobrm
hwxpubfabiauzsnjdxat
hxrlzhcjkyhyitinwkcv
hxybxyptdrgwcptyietw
hyniacrtqccjeizecqmt
iczygzcbqscnmhxjfljn
idjplydyvfofagfmttex
ifutbnrsjdcslcjjnuny
igmddfglnxslcvsirfat
ihqaphcqatwphhrewajt
iittszecelpyckaeblsl
ijejwytblmjmozvosplf
ikcpujhslovtjqzuvghv
ildhmdpwpiinvedkzwlz
iludmitkbghcdxqqlezd
iluspvnymnnwwqvhlyvo
iobjchecogcyklcvnfwr
ipumbrousnwrgcdiyalq
iqdhmnljpgmdthoqgtpr
itnjpklbmwfuhkhppdut
itysggvvkdqxdvorzhig
iularijwrfgydtcmulsn
iwdhbedphxuuklsrryfn
ixoxfrvolyytfjdinxuh
ixqwypnepklpweqjubph
ixxefgluakbuvdmffqbv
izqfqstgwmhknjnodvsz
jarnoufrsnmqvskxpwjs
jayssqzfqzvzsefalsar
jbeebsyxzfrvaugfhorq
jbewvrzmnojkjxjrqupp
jbkelsbinyoumaiaxjsl
jccrbuqemggfkmvrodzx
jcunhffyeqlofpettanu
jcwzoruohhsngqwmtlgm
jczmkssngjpxkjikaudf
jdabjxlmvzpyfxhphrbg
jdlhlhrmeuypyxihilbl
jdouefklsemlnzfxqqmk
jdtmzvfjdawpxsotxvac
jdykgifhkdyumhsxibnc
jenwfkupmbifauvsshsu
jeonfmdkvuqcdrqqgomm
jevwtvjnxeyyjvdghmqm
jeygtdfapnolhdfoithf
jfgffafzmwwifqsmrmvb
jgrjhdygrpfunmmkwran
jhcjrmznaahoouchfara
jhtuyaefcubblozpmrwt
jhxmyvaroarhxhxapjzc
jiqnkrqjfmgnitodjwuc
jitdjgqsmxnghjqyaagq
jjlqvmfvyxgtggvotcxs
jjnykvwynduhyqcrgzbx
jjpyfbmjioatmeidvzyi
jjsprvpadoppmqxmvcqz
jkgrqprkhytkpzalufie
jmnclqqvccpoacbbwibx
jmryvhqxugesshfycppq
jniwtwadzgbstjmmmlfj
jnoefjcxzxxjzxgqcvib
jnpzsqpxtgaezcffyubq
jnswyyudbckhasjqpool
jnwqhyylhixbuoryqhnr
jphekpgqqojgsjbtcccd
jpjrsdtuqsmowetxuzrr
jplpvbehdfccadfiazqz
jqlpjmprukhlejireedc
jrtylllotqnqmpfahwtk
jtfduvawkemnhpuzmpgc
jtpgaakriudlcefgorbu
jvnvvhyuxfosbktmzjow
jvsfbkuckdsrfgmeeljh
jwimzacklovjtprizrve
jxfmwfudivwapnvbfivi
jxoxjgvohwyhxjrsqkei
jxpilujzmodjrtbslxaj
jxplqiafvdcxlchomaxm
jxqmmzkdtggycqvtgxki
jydtltxhypiizcgfqcgp
jyqqydodwmhysmhmekpf
kacxohqyyffogkaulzyw
kaoqsapnvfaypcwvaogb
kaqxgoaoloqyidsrxnqy
kbwiksydykthmniwpkyo
kcaepdanqtgzdlrrvzzc
kdguaiqljpejqetmayrk
kdyremustnglhsyedyuj
kejkzgljxhewwqegpgwv
kfhnlobxvxmjvdhqbczj
kfqdxctybxjtghhhaxhw
kgflsbqcnwoufvjjrlmb
kisjykbxqvlwbgvkytnj
kjaxjnyqomonbmqcyjnp
kjdjtgtdiqnzgfpknbcq
kjeibwbskefzjdcbtoxj
kjseaomlsvctpikqbvoh
kkczsgtgqckaxyxguhqw
kkwwplzjbdzbwnhxjudf
klowxtnciuhcdenpwmcg
kmgefzykmwyxufdpbsug
kmkxhepsmunsefcmlesh
kmtxfuczdovgduahsqrs
kobviaawihskgaizoihe
kpeisklzxealdljgvqur
kpeoqszfninkddshrvyc
kpkmjkscoqqdbiuqsxzg
kpsmhidcuvanvnkzxcew
kqgsuqyybgqpgwtbocbi
krudefqvtiehidolvizf
ksqkomhahwndkuxsyaco
ktkwmsyvqamqhdalugrw
kuswacxgmdeqszzomzpo
kvdmbqgpdzmnrzxvajgj
kvfuqcnmnqseyflhiaqz
kvwipapjvbuccekoqayi
kwkfgutqawchnhtobymr
kwrbgdsmkagikxzmqfnq
kxejvyxrwggruspndssy
kxseltlkghbakulcrcpt
kygwletrmitfgrinblcf
kzkicfpooorkhbsklvtj
kzylubjersuxdwaaaklm
laapnwvtiokbnovlqrue
lbodkfjlshstyoirvksi
lbppdskmzbvvmnmfnbgq
ldaghsqdrggyrflztyag
ldbfqgayhviyhryqkmrs
ldexbxqcxsfckvfptfyj
ldmaxokvbwqmeukvmkow
ldocyzfinionilkgshdl
lfbjptlzvkphinrbined
lfstdbbyjnfqsuwdrjrk
lgiiahprbzgjcaifxexb
lgiooaumavybqqlwrgcy
lgnjmxeivvuhycpspihs
lhfhjyhpktqfkarqkcwo
lhriqmtkytbtcwostvuf
linshmwpkacdxzehfacc
liwlqhishsgtubdwckcq
ljbsroccumpxlpmktivu
ljcwvckbbmpmobdanwty
lknxcydijzxxvqrfhwxq
lkryjgbecgjhyozpxtgn
llnngevnfcibtgtzmrxe
lmvbvyotdfslnthfjdzt
lmwpxryzhsxjvywibilm
lmwstxljudytgpslpomp
lmyqooalxufqjfjcxlpa
lninceeswglstnnmalbb
lnrdxigabjvogoeercmg
lpcorxxcjmaqfjdtwxqm
lpnurugwpqghcyuzijlo
lpnuyrolxaslyfcqvyvm
lqoohchlnweugdhcntec
lqsfxxgdoqrfntduuecf
lrzvbhxnwialyjehwnus
ltxosisfezqqbvjqhinj
lucxdwexewagkhenqkfy
lvelelqwstdtnmcnirvt
lvigmxqtdkxhtzccbjmc
lwjqysyqouvocxgknsdy
lwutjdqvpzrrhrbutmlk
lxfcsjzrmqyjdvqmjfsm
lxgzbkcfyhepbiajvzsp
lxkzplmuliiizcunprqb
lygwbolhndcbzttzmxid
lzwwvnsptjdabvtfdbxg
mabcqyvvlguqjgwxqeqs
maxjgftyhfauvsjrkhtp
mboqednmokbralineluh
mcttimnmehsvnsjqmwch
mdpgpwgcjkactayynarp
mdrnpoecadesarqvslsr
mebpxdwadtiiubcmmjsi
mfbosxejiasmbajbekzc
mfdnvxkfvnuigsihknvh
mfzjsvldjncbgvzlteof
mgahsvhhyaplbzzeswde
mgniwfjlcsdentzsphip
mgoctehsnsezguffnfrh
mgtsbasjtgxqztuxuhrj
mhtqdguyqgqfjzwbrstf
mhycakdijhisrczgqasl
miflbcooskkqsxnurvdl
mihjqihssxeiugxcmggx
mkagxfdwldmhnffbswet
mlhtiuqvcfcbpnbiiogn
mmyeoryaayywsjcvramk
mqkzpyllcaxfnwqdmzat
mqqdgddgbmzmuhoksggf
mrrhmeoupwnmhhajkmrz
msulionnfsjhkuwakxmf
mtjgjrszusdieydpurfh
mtkcxjxygiimgcwkcoma
mtrwasiyshoumykkqnag
mudqhlrawzvngvkyzosb
mueyeuktqzohhzhuybwz
mujtnbeeokxiwwrmtijt
mvepynyhfdsmozajjqkw
mvxyzkinauvizkibmuvs
mwcgvpslnurggsewzazw
mwkdozjpmwymvbyeyplv
mxfjznjqoemwxshjtpfr
mxvpskorzemznseiidzp
mxwovcuddobcjmujuena
myaqczlapcbkwcbflrmj
myguwewyfcffiobipnsf
mynmwguvhqmqgjgsdppy
mytmwvhliuelrygbsfdm
myzfjykxjxvmnpinucsa
naxtanbuxdcwnnhztecr
nbmkbeasobmxpffdtwps
ncfyslnrycbdvtxccigw
ncujdcobnohqqscetdir
ndmakitoaeohmdpxmook
nefpywlrwjflkzaxsrlq
nhgkkcjuwuqspqsajtxz
nhtjsorteegxsqpvsali
niauiybfwamigmofutbc
nilnwnsfidgsiqrwdous
nmgysfzrgylbqqfbvwiz
nmipsslzjlwwzucvvpbs
nmvmiarqwmhavrcgzwbn
nnpdxkndaihkixmxltxw
nntalxsupucxravgszhw
nobnttvwivaxesderhnv
nodslzgoeoihqcyjdinw
nphfvmyikbzlxjoosmna
nqavehxywezskqmwzlqg
nqidzkavqoayqxfnnias
nsgpgkiesgulyvqwyggz
ntiicwauoyiegcabdhdt
ntvobixcqnasugiuwpxi
nuhyfogfhsiieusazfsz
numvmppoccbaksxtvpbz
nvxgppysatlxcjntvryi
nvzkppdaqswyygfiqwzt
nwpvmelifhqrttpsvyrp
nwsoxtugdnyagdmgtnsn
nxguaqxaeknyeznhaeei
nxirhzhfehgfbjryvsqg
nzjotmncgmknfvnbixkv
oaizihndulpatzxuuofz
oakpnebfnafbslerrbrt
oasxxibisushqojjnzof
obbyzybyvqicwajxmjhy
obefjoqpoeoglanangik
ocbdzautkascuswvbnjz
ocjngeicfsgqdhbkpzfu
ocllwmfletrhfcrvsyxc
oczsmfwhslowwhdkqtvz
odbylhypiennwsrvabeb
ododgcwapawpyvyveymo
odpwhilcportedrbtofs
oecrljbfidasgykdkdww
oeecfnccukmhslwexkjx
oeslpvodwsoeyxldtfdo
oftpkhjitfndrthsdynb
oftvzuvpurbofbhmhkrf
ofxvsbombzjcmljcuixa
ofykoaslhbfuxgitsrcg
ogpgrtojbhcprzuvpbem
oiqerxmiriluyvnmkpub
ojnnxudmphjtjsjxksfv
olaebnwnbglzmhjuyalc
olknpfemdlngkolxemki
omllyijaesbhlwnizrtq
omoykhkycekuzqpsbhiu
oomeugytbuwtolbmylqr
oonghewgfivpawtutbwy
ootabcduukllrkmxrzcc
oovvhdejndgudfqnhorc
opcerotyprhuvhcvnpgz
oqrrpiahmfomvlrcqxxb
osjjfnhchcofgxondvvs
osveicvcikbiawhpftht
otdozzflclfzrjjkztkl
ouhmqkwkuqrodnwixvez
ousgpksobdmpegitzwqv
ovivepnavvkusudcehvv
ovltrmvcvhijclkhlpqn
ovwuoobudajoznjwbtch
ovzxptqdejeckyctiudr
owgnefewhfipooqnfrhg
oxaxepeauktyokkuvjjw
oxgfqkxlwgetxehexnnj
oznmnhcalkgxnsrsutcl
ozweyxldruosdiwcvmag
ozwofwfbrzedpvifpnmp
pafofllgarcodycrljmo
pastwpwakwvamsitgujt
pbafbdktwlseolvatpfz
pbrfuyffgtgzjlkerkkf
pcaqzxyzzcdmoqlnglvb
pcpiwtmkxrrixdyqkoij
pdpgwywhhngpmndzcihq
pdwbsmnfqdcpgoqirlol
pdydxyppdqbqrazvjady
pedyejdtxsbfelxiavcr
pejfxhzbwhxbywntwpcd
pekervvxbvdokenlkxff
pfgrayyapzkohbzfbunb
pfzbohwbdgmgqeresrhx
pglqoveruwjrpugkuezm
phijefqfwkhwrdygtdmu
pixtnvybekbaseblifdu
pjjmdopphsepnmuiuszh
pjjtsecjlpmmcygtiwtq
pjytqnvytgcmatdrymio
pkakrhuhtdhivlfvsiaa
plbhjuivtcnsxjswamsh
plgilndqxwljuchzniie
pllsyyrgttuxwthojlet
plsivwvlunysqoegkhkd
plvbcpxzxmrmebparnnz
pmdxnccxhlwdwwwzhfeq
pmgwaceuhbnixbbgpqwl
pmtjmppsdjfpaqxmmlzf
pnevydprvuhkcmdjenva
pnlkevxxesmvwuwrdgwv
popnztagptbdpeaptyrq
ppbzvsoodbejludqkgoi
ppghkydyqgoydeputxok
pqrshupvoqdxygkhcbbo
pqypyoirgoomyifftcwh
psbpmchktgliixpkqwxz
psvprvsuvxeszjazcryf
ptpsfoqcwqohqqcevfws
ptxvhamwtjetlehovned
pucettjslkthppuzhgdv
pusbqckabwdgrvrcnvna
pvmhbfeqcxuievqgxvie
pxqliawgkzspsivyvbjw
pypecsocwjsawkcgydde
pzchglwmemmudmztisvq
pzhlisizsnlhpputlmpm
pzsuzcesffccdahzxnvm
pzymelsogbvzuvaypvci
qapzzgzeruhwozgnerii
qavtekcebcevxgnymytq
qbclqnrprecrqdtfcjku
qbraqpmhecxuwxvyeyly
qbtdnombgdoddbeiuxxm
qcoabakvvvaktfzhedgr
qcspafqutosiyfgtqjkb
qdyllfarrkonmndnojbb
qgdjfgjtdnoiyytxlluy
qhjotdzxqqcgnctakhas
qinqjwjjxmzavisdmsbi
qispcsimhypwqtadzkpt
qithufhggoboeahfztdw
qjqwymixcpplsaruqexy
qjtezdoileggxrazmlqf
qkhgtltkftxpbdtghpao
qlnlkatxlstyfcnprpwm
qlzneaakilwqhzpyuunr
qmldwptbtvlvzlhgiyff
qnhsbqhoudlnpotlpson
qnrbintylkulkeccfhaf
qolocnvjnaewokwldfhw
qpeifbzudbjwzvcuvneu
qqohyqmqysxbzsnemoet
qqolqjdpxdtvnmvlchrv
qqtiukpffonnwqlqmmtl
qqzcaioljvgfmnjmeegx
qradqsqbifuswcrxpnmy
qrybbcorwovhtclrbvep
qspwupujisdmolmxooqf
qtewtybvebvucngjlgef
qtrisedjztffjcpmdjgt
qvzcimolbdbzhwdfptbg
qwujxlycjkhejeqeevcq
qxbzjqkhinxfunsdbxvn
qxiktjavzosmenfotzbg
qybxczhqinzgqgorytzp
qyksonyjkceimxunapqu
qzknjohxksffqbwjykcm
qzwvxuzxmrxvzhfxowrf
rbjcyqahlidhgoawzkpu
rcissrhdvttbgtkphphz
rcmybtxdmrnmgyeqsxow
rdjtyiuukcsilvybmvct
rdugtvsuiwfidjkfzmqe
rdvpghufxycushdnanho
redkuutrxnfjidmchdxi
rejouheeqdgitychqpqa
relupacoswrcoldcoxxc
rfqsyriydnbmhwtymyrh
rhpyqrybpmbkccezbgqt
rhwfuzmlvmmrbbezefcm
riqkadbovjmdwmlbhirl
rjtbkzyyenwpctjdfstw
rktaanqftsuhtlcjyibo
rlcvkvcqzbxihkyiyqaq
rlrbuyijpuqwslfymrdo
rmtktkhydgemfattrpxu
roiaqbpnbsoljzaidvci
rpfmzeebkqmokbwyhigo
rpugnxelaxmenfbsrpen
rqmvodsuakwtqmdsvfee
rritpubjdbwjkotssefm
rrjfcgnxynlpcszfnayc
rrorhdmrgjdyefvpntum
rtfkznxmhwxejpsstkjf
ruuvycmvdsxcvmqprtbd
rvbygbhknvgqtjwwftex
rvpgoklxfzavlmcxfroc
rwegayqzmpctabaokkdg
rwjuvfrovhevlemjhrmz
rwmidnxumkyvgfxpfusf
rwqnrjkzodmanswecznd
rwrpzhwqalpbovrbymzn
rxkfxtqitfqbtvfefgyr
ryqkcjkbtquxdithrvqf
ryqzjzqiiievntgwsola
rzewfrvjaevtovrrkyag
rzfnndflxmleugdpcyvm
rzifpgvzzxiyoakrbkll
rznugnkfynlbtrraohab
sabiyfzvdjptacmxufgy
santodfwuswckfzorvyq
saoumfrgdtyoaynsvois
sazgpxvbxdxgoadxywvt
sazrawwrgfbgrwtrdryc
sbnauvriflnlnxwrscth
scnjufddtdqaqqzaodow
sdbqkoiezjptwivpovhz
sdixcyunksngapurmkin
sdrswwfepfiocqptwyix
sgpdbthzgbkqyicltwng
shgzboymeafkumhrvukl
shhutvrdhwcfvsfipudt
shnwwxrnrbdxvzrlrqgl
shsultytunxnxdksivxc
shyywtggtfeyaaznssxn
sitdieuyidgimbdjiayv
sjomrqeesifjaoxswlbv
skgqocxuwnfngueffxja
skiwzwyvpgmtrvrhmsxm
smyvubkssgrmiwkzlneu
snhqfrhtgvjzwjvimwmz
soydksevdsjxskgukwfa
spfsandtxewyvkmcokgh
sqhpmhcygnherszqyrbp
sroerjxraauwenzyqruf
sruibphfffgcmdanqeqq
sryfxtdmpbxvkbdketbo
ssgwyyybitzaviyioeoq
sswpoaxrrqumcfqcpiih
stmdwbvriverzzobqvxc
storqlwicomiqehcwigj
sujxomnosnnzqiuedxik
sunbygxjekzqxisqpgoe
svcipraicydtirdvrkeb
svisumwsntmuhmjlchgi
svqhxbntrswzkpgyogmv
swepkqwtggskejkndhnh
sxdldhkbhzpjrglfuokd
sxwcngstcpclefvfnfkb
synypushauqrvtoglroj
szcdwdsihphqplkrvnih
szgomaytjyexrvgbazvd
szxxnezpwdhlhshesrxn
tacgcaxbwjjpkpzhomvr
tbjnfpnvsbogacnlzoax
tbxkkneyqiutosolheig
tcdkqlehynmhdakvsjkx
tcqtsuyyyfmcqcvcivah
tdqddosebcthizgkcyfw
tdzrljhfdkkzlnxjbnbm
terbwkwzihqexkddkhgm
tevbormzjjgwfvyxdirn
tfcubxkjquxunrbdhuev
tfvindpcelrozldbghmq
tijkorozsfoirkayjqra
tkapmwznrgdbefzlvphz
tketxcxyzyroeslccpkk
tlcvztqawypmiunejgmd
tlshbiygdjjfylcgstls
tmaeqcnzbdideqjefouo
tmrsdyfilkkoxvvltldo
tncrbloiratpdurotkxa
tnukbbqpdalvsefnwhph
tnukzlgqwepeaugwilhz
tnyuszpozvwptstypxty
tpmrnoqdfzkvablhunid
tqszfiyuuknlfoxzotfd
trsjvdszfasiealghygo
tsoabtqxqhhmdzfscrdl
tswpnhlhazqgjsldfpwy
ttfvwzuqiukgjoyomywp
ttqabfslucvreiyfilzv
tvygprdpigwkiczlfnrw
tyoxvsxcrfgdjtwzpdqf
tyxqolnvhsllavpxbcsa
tzmhcwlhpxlhqgffzxnd
tzomwlanmwmnhwewihjn
uacghvqwwpqugbvcjxar
uatlowwnxrjjezmziufg
udifbqjzbugnmydsfmus
udpmiwopyljcydovpfsw
ueaqpqrpucuhjnioealo
uejvuefonvbctznszlvj
uenaeqrezjxphczqzezm
uezumansamrwcwlwzqeg
ugrotouguvtnlegfafan
ugsbtwuzyqbzmbxvleaa
uguhwkwhlcnubfmxqqth
uhaevfhwctbyvtxzkeeu
uhrxranyzplyuntppana
ujevxmkewoirwrduxain
ukcnotbufjuvhweuwmnv
ukxnahbazcbsphhycnjr
ukyuqojprmqucgzxmuwn
undsjqrspnhvdyfjskws
unuxewkkejwhvuutgguf
uonciaefplfbwhubdcsj
upbdtqrloizljelfawpp
uplumfogbtigkukqwdav
upxbbqpebpfumunvnzjx
urkcfhncsrhkedjdeutf
urnfrqhhylxhlacvvbse
urxsnxpujcgqrguyfeiu
usirpdndvaacmrsioldb
utabdvignxnxqexbhncl
utzemgdmmoogsaijfleg
uujqhwxqwebfpqvxulpy
uurtkisndvrnpdovmxlq
uvrfpzwljbbvjeifbnwl
uvtygdtdryvfdbqeavvm
uwghfpmblcttkqmgtlcm
uxspfbqxjshcjrcvgkbx
uxsqshpnarpplkiyadws
vabimbdeuyxatlvjcetp
vazbgctiybvwrhrhbtvd
vbalraqfcumremsqnkqh
vbpskohpyecphqhmhrev
vdxfdkjyahcgynmcrxab
vebgrmfhacjnaxpziaga
vegcqpkfqmzvyxtvyowm
vevgfeemogwfgkxzoqjd
vfmbedhueyrfueiwhgqj
vgqbltaitpifsqllatby
vgsxoltsnqmbyynbkskd
vhoepxisfxgurfwimfat
viyfxuqsmqbdwpegloyr
vjeyziszhxiszbqcfykl
vjhbxdzsvoduzxxyulde
vjkmokwdgrzdrromvcyx
vjwhbmvmellfsoywszeu
vmlwcuwizgpqndjfjuar
vmtmjlueniglpavaobyc
voeqfznsuavhgxrjykcl
vpkzgmvumvameeywwzij
vqvcokumojtvunleruym
vrazzxgxoaeqtybcjskj
vsksyxfpxlvpabdsapbh
vsvgvvingfnttgfoaqwk
vtklcpvzbwruboixetdy
vuqmlurezcocpgvysfbv
vuzgximbbafdqzywjyjo
vuzrtwrthyuonmqibdcu
vvuugksezuaicyejycgr
vwbnfcrztqicsgogbfes
vxdbowvrlmorsqpsusem
vxuhagkzmwqdqjmpengw
vyalbxxxjzdemenmgmbi
vyooafpjoguxydfbflkk
vysgmsikommofjbqjwme
vzjyfehklnjhvxombqjw
vzqfwahzjgxicsqgvazh
wbmzoeshsbbxuykkkovi
wbyiitsnhizwzrwpaugo
wcytnfkutzqhicflkpyg
wdhmaxmdldoqsubhsgsi
wevcfpjvgwjhdpxasjlh
wgmswfzacjuikktuzahz
whcdcaejdhngcwocpggi
whwkgtaptyygufhoclks
wickszqpkaljavhxmetl
wissegzezkqgwfyhumjy
wkjvwkfgoqizevhekuqz
wlsetivtsqumdbckcbxt
wmcdvpyzwpekjewidkbq
wnfpifglhvbbeocyjhtj
wnxpncgyctiudjoujazo
woghnnahrerngkhovtuw
wolbihghmbtneuzqoxht
wowwwweabrfmmupoqgjy
wpssiytwmcxjnmgzmnzy
wretbsnmmkiojzwswlel
wrfyfckfixnqkowlfpab
wrjspjubaaycxlymcysp
wskurgpmxcmlwuquefki
wsoixpcpmewkizaprdpt
wtcfzwoqlohtqyrebdhn
wubrwbxazqfbdxmpursy
wvryewmxhigrosnlqtgy
wwnmchgofoesyyyeihyj
wwygixiglqxgztdozeeg
wxiikworqyfdejcmudjf
wykilgxocwzsdbhnrmhk
wzmioqvrnmyypmvxbahy
wzqcvqrmykjrezinhnvf
wzxlvdbxqjmramjwuosz
wzyvabamsikacmtbnqrt
wzzfpdiykacajxddmmdr
xagvliwgqscrgfmmwvep
xazdchdxxdhvziydslyl
xhkpumbqiedxvxjxitqv
xhltouejzgddwwwjuwdx
xkhpwgftqabsyccwfjdf
xkifrmufmruoxremluvu
xkjpdahljutmrcqonheo
xlerrqbjdmrfcqzprmev
xmqmkmrybxjzdptrybmf
xnqowdihgkqnougomill
xoyjallkahvaltynzohn
xoziggifamzkxetmdupr
xqbmitiuwrgibmumbzoq
xqggmymiuxztslowqdqa
xqvlczmwflpdlxnqsjwf
xqvrszjhyditvseeqscv
xqyifdjnbilkclnzvpzi
xrbrqidfymrwupkjhwjp
xtkarwpxwwuodbqicxrx
xugjtpdhvcudpxmtljib
xuiewlftxgirldzafkze
xuxmropgkpgswohbijdh
xvbolbytdzprtxunbjnd
xwlodnvxhhccmzgfwqoc
xwrzfyhoerowdlgtibze
xxzgduoothadtkkasufd
xyosdxbqbngatudvbxtf
xytesdxpbodiuwszapca
xzsylifjlrosbblvlshe
yaeezczigrroslvewxjx
yaelswrqzssjxvhbhajj
ybhbcogkvdltcvyiszcp
ybwqnetnddthddqijyaa
ycylmtmsqbqaismwyfdi
yefsaccwwbwueugmodsj
yepinsdomzhzshjpuike
yfunjhlhmhocmidzpafx
yfyesxarmtlwktltehhr
yfyqbcsbsptztcvkasbr
ygufrqjmhvwdcqpgzqtd
yiefixvjjjxzkchrxwsp
yivhhjtwjpucosdxfokl
yjbqnuzfhdffnbsfjnhi
yjcptpgjtgzwuyvwfiue
yjyktilllbmnlwncpauo
ykamzecxwpvxzfrufyzc
ykqxjcjyijgokhrbravw
ykwujeyzkciucvwatzoe
ylvdgttakndnougapjij
ymoemqayaxytihyxpjuz
ynrkbcaanjpmahkljznq
ypogltbnbsikfrdmygsn
yppzhsozrygxuolahfcn
yqbsoraerpbkioythiue
yridsvamjvoxybxnyydg
ysoeczhicshdbdhjkwsa
yubvfftfhgocdujcftwh
ywcbyoepdgqyruyjqdpt
yweliyflnbpkhkcjnkmn
ywftdygvhhcbhqogdupb
yxcodkdicahftikiltdu
yxixvlfmboqkfetkknfd
yyjawswdincvknkkeujb
yzgpcrpcoiyrcioukwtq
yzuxxozinbprlejuisbm
zaixydcuxbtzvylhnrib
zajxgscwjgwjxuclfauc
zbhmhmleautamdwrwgqj
zcdyfznqpmclmaoqmsch
zdctfclkjkmjjcckaoeu
zdtbmgthofjilxtwzjeq
zdyilywptuifdprsyggn
zeamkdebqhuxvrrqdacv
zeeuxwnxsekyvifzhlek
zesnaljtsnqzfzlclhyy
zfjncmddwiajpxieizem
zfpoivaanhcifbhzomgu
zfxdsojexhcmipdtfdol
zgetekfcpfdloiufyktd
ziqgfsaohrbpwtfvecrs
zivojzwgydbsgjvjeuuu
zjdutxgotknjwgznmyru
zlvqsdjnznadrqdiuqlk
zmqamddzjollyrtycikd
zogmlqzhualapiheqkak
zovjkkakgswlqwamcllb
zpqjcnafjlncfjsgcwtj
zqifwfrbajcwsrbzzwtm
zquktqmspfhegsfzqqfr
zrrdetiztzhopxszazjn
zslizpkhkposibdojcao
zsnwqwlejrhpvxfmzvnv
zsrlfwflojhtaknvfceq
zszbvswtdrnaaagyxkts
ztntljqqwcrpvwabjcqr
zucfgqqsncwldwvrzcjl
zueozqdmexitkuidiitu
zvajqwliihtvogufeaau
zvbzdsyznjhihkjkxecz
zvklanhiiqbxqkaejrop
zwoixgxkwunffvmvgbup
zxepccsrxekdricrkedb
zxpccubxmnocylegoskr
zxslcrrpgusmjtttqdke
zzqiiwwgkjjmrtrkzaqo
