aigjamnjmmlkjtzhqkkh
amccchmibdljjqeckona
anjidhbhuyjvrcgopfqr
awfedoguodgylgtrtxsk
aypgnonylauubsgeeexr
ayqvbljulrkuyxjtavwr
aztcbomxfuezyyxxurdq
blkrafetgaksdcppbplq
bontnfhgemxxwrrwwnhk
bpzzfttrozqjynqzghrf
bqsjwdsfvsiwubeevove
caibnjqpcpxfysozdrow
cbvjosdzihhjjhtanxid
degvorhchdjulfvxxasd
dldkpmckazhqxnjxygey
drraczvoqttsszzlhacs
dvgatxxdkxnklpylzbwo
dygefmektifmqllmumda
eirwnpoildkypblsfmej
ejzgganjtsdojmruiiqn
eofjjzgpioampzxzunjk
etbusmwzlxdjvxkhwnwr
fmaupacruktcdnfcxhxi
fqxmxxcmfagbxhiyroyn
fsyuvqriiqhxhxjnccao
ftplbsmkbsepgbajhpnf
ghgcwzgicmlfnigjhuwb
gkxktecxpvcqslcazalc
gpxmtzsaqxeyhmsekqbr
gqpvsvqctygzumzjxaxf
gwbypjnaknhkgjniasya
hhaslxzwrvxxrrhmleph
hsdbdjcwqfhebexhhacj
huqmhyqcvtkaodzgyjuv
hxhwtzukyyhrdhydvaum
ifigraefktebupnfggmj
ixszlcusqsfeyfwsmmyr
izulfyraewjnwhddqvby
jfiuyfhgsxppzmbuwmmw
jlgxvdgcjthfrxmmkaqw
jpmbnjybwegnzlzrbhgy
kiwqmuaowvxgomsotcuy
kplwdbgviyzsxbzghcrx
krehscdoyyhhahefsvtt
krnjnqbqxeylrjwzlwlz
kviiutmgbvrcnuzpeyqz
kyhfacxggeqbsftygmxc
kyvblazuzhksfzrskfnf
lkpwgrgcmdwlrsrcixcv
lpsbleikwzaosvkngxdk
lxeepzfnjysidjkjbity
mboxnojatsdgaycpando
mdbsfhvstwhfxorkmjqe
mrsetfwufypyqfokweul
mxhleqrfsafekdvjcjps
mxtryvmqhouiqkirrwum
myxjxwvnrhwozryvlvdw
nzmrcnlpcnkshvmqtasu
ochrrqomrhdyzwgkynsj
oewdrcvbdvcyxmrgktlm
oiggvltfljwnhpqtsoew
oqfphchtpadzrcqryehm
oyegzoffbchvraobvyun
pkrberfqohvsnqxitnrj
pqaajzmwmvjcegyiwasy
pxfezjxjuyynewjqkams
pypccltbctfmtocxceup
qesoayxsigzodzndkcyq
qkcfvfpbezpobvnbmayw
qlsepiibemucvocowqqb
qpbzscfvkbvlaatxmcyg
rdokneecrxoiifayfrrm
rommdouoiksyvztvkito
rujtbtphnxowgyhhgkqh
sinauiuewatzigsmgfic
susqkwkwrvkobhmxzyud
sybabyozeebpfuotfbld
telapzwxwsngvzfteneq
tezmwbkksyzbtkwkgvpc
tqsgtwmqyolepkvakzqh
tvmykjtdgbepspqtisec
txfzzsfvzdwlzjkxcban
tyryjabopphfxcixxivl
uffbgpghnlotcarawnqr
vckmvywazmuapjtqxrdt
vhivoumrpgroodfesvrq
vjybmncrszdyafgjflab
wdhectuvymbtzzbkknpy
wnubkdpsfvvmitvtirev
wszmrpmcouikrhkutqoj
wuxuwpfbaeelitiuzahg
wybzlrsuvfdkwgxlcftt
xibticnbtbiednpeuulq
xjjppgdmogbwgyrigspm
xjjvhhnstnvpggbfujvd
ybkaecktkxluvwxsqsic
ybmphxxrkrbviiizbpqt
yrtmxzzkcmakiegsjpdf
zcfhllfwmangzrxgegnu
ztcwnugmkpbxoghzfhpf
