agrryhkcgsiejnqzqfwq
ajelmvkuaifzrjdjyjsv
aqrvkmfxpvdkuvoucfzj
bgihndduzxxaruxiuiao
biuruirhzaqwodvojxys
brvityixbbzijadpnosf
cojcmfefnqhpylveesow
cvfoqkvjhopxxbgpdvqc
dbflaozqnsqxidlnmcgt
dcttnquyacpcaqfixfxg
dgwnitqjvkqdcndtgjai
dpzpqjkmqbidfmpgiiir
duaztymbydzfxmrufkdj
dvjigxdgulevlasyqmzr
embvpexrhvdtzqzhxtxf
ensszdigzgfeyyupiniv
ewoyjpdbdphdtucqeceb
fepoblvxyzdtpezmkifk
fsbhsuarzktkosarrmri
furgybcadnrnzuxocqmx
fxqlykkpogfksyzmtsko
gapokgubyvpdhpmoljnk
gbsygzptoymufncuibjs
geqpgoazstehnolxyrwk
htjdesyccsmzudruiijf
htyamfstqrhhnyokjlvg
hyonkziaoqfinqtxqrqg
ibcwvwxqeusrtnnqujec
ikjcvyutsliqxnkengeh
impoejdfoppvtqkobfjy
ixpkbbjswayyghghpkkm
jaghwmgsfpiqeeolhqjk
jwenexryhqxilywgocza
kpwchyvimmkfooxkltzp
ktkehmzwiubvoowqssxm
lhmylsqyznumbesktjjv
lhsfkxjpbrdcwaaaynxy
livckmmsurhxadbswpvd
llzmxtgleoywcrmzxqsm
mawwalasbvvhdgznkeic
meocpzubplfdujuoonog
mhgretxcbwhlegovnssz
mwqetljwpeziokmzvqub
nevwtcuauwtjsfvvveue
nfliopkfywgulgiguobh
nhvgxsavvupnfdauizmz
nitdfupiurccgjupdeva
nivcxxarthfoejihmiif
nniixgguzzkbzdmxtxkt
nslzyqkglobyoncdwqyp
nvbhqbikkvzqtopbpyzh
nxxrzbvunjepyoivffpb
nznlnwmeoypctmhiecre
ogplarikpnjtrgudoovi
phjkgguechhignleuthx
phwwogwemlutslqvyrrh
pktekrvtcyyjsxjjcoww
plbkxfcvonpmndedcctd
pwmprcqjtegdtbhslycn
pwyzdtnjpbahaugairuw
qpkgvqutttzbzlklaoah
qpxaryxhtwvrotcjfbbh
qxntohnyluvynurkjriu
rhdfmleioxrdumewdmkv
riqdrrrsnlkejopsnhyg
rndosetbivohjsyvuxgd
sbsffgimqvyjjexphhvx
sftoclyluqddoozyvqdq
slhkabgzhvkzxktciciq
sriclgilvnjfdhhewbvm
suctfavhglfnjottmyay
tadcdznsywlmoiopxsdj
tfihvkhojeqmjffmkabz
tfrdiszmedrafxjczinv
tnknjfwkzyzteaxbzrky
ttvjzcegmataiugcjowj
tzdgwozgxekoxqcglioy
uaelkgzcxuigczjtssei
ugxrhfpdlvnmlhsqzwap
upizcrrrydswsjhmlwyo
vazkcpvbxwzqvrszpnqb
vdyvnqvocuuonrfiipht
vimoapbunyptnypxjwom
vinbspzhdoajieodwweo
vmfrhsatlgdhseulcgqh
vomnohrfgjmnbgkpctga
vplavnfrgyeiuqfygadi
wbwtqfwdzxyhvccgoncf
wgnihariadfjbmrzveor
whistmyorwtyizrvjxfs
xqiyxhindcpmhmnvcopo
xtnrstmfqbtlwndfeuqc
xvaidngyrtkswdvmwobs
yezyaljdrynupubgneia
yfnnckjcovlzqsosauee
zjlmnuwcvkgyrrzezjaf
zliethysdycbwkysjbok
zmbdqdkokxbttgvriojq
zmkovszwplcddxnnpvis
zpftuhpumaagfvwybitx
